<html>
<body>
<pre>
<h1>礦ision Build Log</h1>
<h2>Tool Versions:</h2>
IDE-Version: μVision V5.40.0.0
Copyright (C) 2024 ARM Ltd and ARM Germany GmbH. All rights reserved.
License Information: 45 Shmiky__, dc, LIC=21E4T-R7Q2I-X7XRZ-JNB2Z-82HW9-C5LG7
 
Tool Versions:
Toolchain:       MDK-ARM Plus  Version: 5.40.0.3
Toolchain Path:  D:\ruanjian\MDK\ARM\ARMCLANG\Bin
C Compiler:      ArmClang.exe V6.22
Assembler:       Armasm.exe V6.22
Linker/Locator:  ArmLink.exe V6.22
Library Manager: ArmAr.exe V6.22
Hex Converter:   FromElf.exe V6.22
CPU DLL:         SARMCM3.DLL V5.40.0.3
Dialog DLL:      DCM.DLL V1.17.5.0
Target DLL:      STLink\ST-LINKIII-KEIL_SWO.dll V3.3.0.0
Dialog DLL:      TCM.DLL V1.56.4.0
 
<h2>Project:</h2>
C:\Users\Shmiky__\Desktop\ZJTH7_NETX\ZJTH7_NETX\Project\MDK-ARM(AC6)\project.uvprojx
Project File Date:  08/13/2024

<h2>Output:</h2>
*** Using Compiler 'V6.22', folder: 'D:\ruanjian\MDK\ARM\ARMCLANG\Bin'
Build target 'Flash'
compiling nx_stm32_eth_driver.c...
linking...
Program Size: Code=67504 RO-data=1392 RW-data=240 ZI-data=79948  
FromELF: creating hex file...
After Build - User command #1: CopyHex_Flash.bat
C:\Users\Shmiky__\Desktop\ZJTH7_NETX\ZJTH7_NETX\Project\MDK-ARM(AC6)>copy Objects\output.hex ..\output(ac6).hex 
已复制         1 个文件。
".\Objects\output.axf" - 0 Error(s), 0 Warning(s).

<h2>Software Packages used:</h2>

Package Vendor: Keil
                https://www.keil.com/pack/Keil.STM32H7xx_DFP.3.1.1.pack
                Keil::STM32H7xx_DFP@3.1.1
                STMicroelectronics STM32H7 Series Device Support and Examples

<h2>Collection of Component include folders:</h2>
  D:/ruanjian/MDK/Keil/STM32H7xx_DFP/3.1.1/Drivers/CMSIS/Device/ST/STM32H7xx/Include

<h2>Collection of Component Files used:</h2>
Build Time Elapsed:  00:00:12
</pre>
</body>
</html>
