Archive member included to satisfy reference by file (symbol)

D:/Compliers/arm-gcc/arm-gcc/bin/../lib/gcc/arm-none-eabi/13.3.1/thumb/v7e-m+fp/hard\libc_nano.a(libc_a-exit.o)
                              D:/Compliers/arm-gcc/arm-gcc/bin/../lib/gcc/arm-none-eabi/13.3.1/thumb/v7e-m+fp/hard/crt0.o (exit)
D:/Compliers/arm-gcc/arm-gcc/bin/../lib/gcc/arm-none-eabi/13.3.1/thumb/v7e-m+fp/hard\libc_nano.a(libc_a-findfp.o)
                              D:/Compliers/arm-gcc/arm-gcc/bin/../lib/gcc/arm-none-eabi/13.3.1/thumb/v7e-m+fp/hard\libc_nano.a(libc_a-exit.o) (__stdio_exit_handler)
D:/Compliers/arm-gcc/arm-gcc/bin/../lib/gcc/arm-none-eabi/13.3.1/thumb/v7e-m+fp/hard\libc_nano.a(libc_a-fwalk.o)
                              D:/Compliers/arm-gcc/arm-gcc/bin/../lib/gcc/arm-none-eabi/13.3.1/thumb/v7e-m+fp/hard\libc_nano.a(libc_a-findfp.o) (_fwalk_sglue)
D:/Compliers/arm-gcc/arm-gcc/bin/../lib/gcc/arm-none-eabi/13.3.1/thumb/v7e-m+fp/hard\libc_nano.a(libc_a-stdio.o)
                              D:/Compliers/arm-gcc/arm-gcc/bin/../lib/gcc/arm-none-eabi/13.3.1/thumb/v7e-m+fp/hard\libc_nano.a(libc_a-findfp.o) (__sread)
D:/Compliers/arm-gcc/arm-gcc/bin/../lib/gcc/arm-none-eabi/13.3.1/thumb/v7e-m+fp/hard\libc_nano.a(libc_a-memset.o)
                              D:/Compliers/arm-gcc/arm-gcc/bin/../lib/gcc/arm-none-eabi/13.3.1/thumb/v7e-m+fp/hard/crt0.o (memset)
D:/Compliers/arm-gcc/arm-gcc/bin/../lib/gcc/arm-none-eabi/13.3.1/thumb/v7e-m+fp/hard\libc_nano.a(libc_a-closer.o)
                              D:/Compliers/arm-gcc/arm-gcc/bin/../lib/gcc/arm-none-eabi/13.3.1/thumb/v7e-m+fp/hard\libc_nano.a(libc_a-stdio.o) (_close_r)
D:/Compliers/arm-gcc/arm-gcc/bin/../lib/gcc/arm-none-eabi/13.3.1/thumb/v7e-m+fp/hard\libc_nano.a(libc_a-reent.o)
                              D:/Compliers/arm-gcc/arm-gcc/bin/../lib/gcc/arm-none-eabi/13.3.1/thumb/v7e-m+fp/hard\libc_nano.a(libc_a-closer.o) (errno)
D:/Compliers/arm-gcc/arm-gcc/bin/../lib/gcc/arm-none-eabi/13.3.1/thumb/v7e-m+fp/hard\libc_nano.a(libc_a-impure.o)
                              D:/Compliers/arm-gcc/arm-gcc/bin/../lib/gcc/arm-none-eabi/13.3.1/thumb/v7e-m+fp/hard\libc_nano.a(libc_a-reent.o) (_impure_ptr)
D:/Compliers/arm-gcc/arm-gcc/bin/../lib/gcc/arm-none-eabi/13.3.1/thumb/v7e-m+fp/hard\libc_nano.a(libc_a-lseekr.o)
                              D:/Compliers/arm-gcc/arm-gcc/bin/../lib/gcc/arm-none-eabi/13.3.1/thumb/v7e-m+fp/hard\libc_nano.a(libc_a-stdio.o) (_lseek_r)
D:/Compliers/arm-gcc/arm-gcc/bin/../lib/gcc/arm-none-eabi/13.3.1/thumb/v7e-m+fp/hard\libc_nano.a(libc_a-readr.o)
                              D:/Compliers/arm-gcc/arm-gcc/bin/../lib/gcc/arm-none-eabi/13.3.1/thumb/v7e-m+fp/hard\libc_nano.a(libc_a-stdio.o) (_read_r)
D:/Compliers/arm-gcc/arm-gcc/bin/../lib/gcc/arm-none-eabi/13.3.1/thumb/v7e-m+fp/hard\libc_nano.a(libc_a-writer.o)
                              D:/Compliers/arm-gcc/arm-gcc/bin/../lib/gcc/arm-none-eabi/13.3.1/thumb/v7e-m+fp/hard\libc_nano.a(libc_a-stdio.o) (_write_r)
D:/Compliers/arm-gcc/arm-gcc/bin/../lib/gcc/arm-none-eabi/13.3.1/thumb/v7e-m+fp/hard\libc_nano.a(libc_a-init.o)
                              D:/Compliers/arm-gcc/arm-gcc/bin/../lib/gcc/arm-none-eabi/13.3.1/thumb/v7e-m+fp/hard/crt0.o (__libc_init_array)
D:/Compliers/arm-gcc/arm-gcc/bin/../lib/gcc/arm-none-eabi/13.3.1/thumb/v7e-m+fp/hard\libc_nano.a(libc_a-lock.o)
                              D:/Compliers/arm-gcc/arm-gcc/bin/../lib/gcc/arm-none-eabi/13.3.1/thumb/v7e-m+fp/hard\libc_nano.a(libc_a-findfp.o) (__retarget_lock_init_recursive)
D:/Compliers/arm-gcc/arm-gcc/bin/../lib/gcc/arm-none-eabi/13.3.1/thumb/v7e-m+fp/hard\libc_nano.a(libc_a-freer.o)
                              D:/Compliers/arm-gcc/arm-gcc/bin/../lib/gcc/arm-none-eabi/13.3.1/thumb/v7e-m+fp/hard\libc_nano.a(libc_a-reent.o) (_free_r)
D:/Compliers/arm-gcc/arm-gcc/bin/../lib/gcc/arm-none-eabi/13.3.1/thumb/v7e-m+fp/hard\libc_nano.a(libc_a-mallocr.o)
                              D:/Compliers/arm-gcc/arm-gcc/bin/../lib/gcc/arm-none-eabi/13.3.1/thumb/v7e-m+fp/hard\libc_nano.a(libc_a-findfp.o) (_malloc_r)
D:/Compliers/arm-gcc/arm-gcc/bin/../lib/gcc/arm-none-eabi/13.3.1/thumb/v7e-m+fp/hard\libc_nano.a(libc_a-mlock.o)
                              D:/Compliers/arm-gcc/arm-gcc/bin/../lib/gcc/arm-none-eabi/13.3.1/thumb/v7e-m+fp/hard\libc_nano.a(libc_a-freer.o) (__malloc_lock)
D:/Compliers/arm-gcc/arm-gcc/bin/../lib/gcc/arm-none-eabi/13.3.1/thumb/v7e-m+fp/hard\libc_nano.a(libc_a-fflush.o)
                              D:/Compliers/arm-gcc/arm-gcc/bin/../lib/gcc/arm-none-eabi/13.3.1/thumb/v7e-m+fp/hard\libc_nano.a(libc_a-findfp.o) (_fflush_r)
D:/Compliers/arm-gcc/arm-gcc/bin/../lib/gcc/arm-none-eabi/13.3.1/thumb/v7e-m+fp/hard\libc_nano.a(libc_a-sbrkr.o)
                              D:/Compliers/arm-gcc/arm-gcc/bin/../lib/gcc/arm-none-eabi/13.3.1/thumb/v7e-m+fp/hard\libc_nano.a(libc_a-mallocr.o) (_sbrk_r)

Discarded input sections

[...]
Memory Configuration

Name             Origin             Length             Attributes
RAM              0x20000000         0x00030000         xrw
CCMRAM           0x10000000         0x00010000         xrw
FLASH            0x08000000         0x00200000         xr
*default*        0x00000000         0xffffffff

Linker script and memory map

LOAD D:/Compliers/arm-gcc/arm-gcc/bin/../lib/gcc/arm-none-eabi/13.3.1/thumb/v7e-m+fp/hard/crti.o
LOAD D:/Compliers/arm-gcc/arm-gcc/bin/../lib/gcc/arm-none-eabi/13.3.1/thumb/v7e-m+fp/hard/crtbegin.o
LOAD D:/Compliers/arm-gcc/arm-gcc/bin/../lib/gcc/arm-none-eabi/13.3.1/thumb/v7e-m+fp/hard/crt0.o
START GROUP
LOAD D:/Compliers/arm-gcc/arm-gcc/bin/../lib/gcc/arm-none-eabi/13.3.1/thumb/v7e-m+fp/hard\libc_nano.a
LOAD D:/Compliers/arm-gcc/arm-gcc/bin/../lib/gcc/arm-none-eabi/13.3.1/thumb/v7e-m+fp/hard\libm.a
END GROUP
LOAD CMakeFiles/demo05.dir/Drivers/STM32F4xx_StdPeriph_Driver/src/misc.c.obj
LOAD CMakeFiles/demo05.dir/Drivers/STM32F4xx_StdPeriph_Driver/src/stm32f4xx_adc.c.obj
LOAD CMakeFiles/demo05.dir/Drivers/STM32F4xx_StdPeriph_Driver/src/stm32f4xx_can.c.obj
LOAD CMakeFiles/demo05.dir/Drivers/STM32F4xx_StdPeriph_Driver/src/stm32f4xx_cec.c.obj
LOAD CMakeFiles/demo05.dir/Drivers/STM32F4xx_StdPeriph_Driver/src/stm32f4xx_crc.c.obj
LOAD CMakeFiles/demo05.dir/Drivers/STM32F4xx_StdPeriph_Driver/src/stm32f4xx_cryp_aes.c.obj
LOAD CMakeFiles/demo05.dir/Drivers/STM32F4xx_StdPeriph_Driver/src/stm32f4xx_cryp_des.c.obj
LOAD CMakeFiles/demo05.dir/Drivers/STM32F4xx_StdPeriph_Driver/src/stm32f4xx_cryp_tdes.c.obj
LOAD CMakeFiles/demo05.dir/Drivers/STM32F4xx_StdPeriph_Driver/src/stm32f4xx_cryp.c.obj
LOAD CMakeFiles/demo05.dir/Drivers/STM32F4xx_StdPeriph_Driver/src/stm32f4xx_dac.c.obj
LOAD CMakeFiles/demo05.dir/Drivers/STM32F4xx_StdPeriph_Driver/src/stm32f4xx_dbgmcu.c.obj
LOAD CMakeFiles/demo05.dir/Drivers/STM32F4xx_StdPeriph_Driver/src/stm32f4xx_dcmi.c.obj
LOAD CMakeFiles/demo05.dir/Drivers/STM32F4xx_StdPeriph_Driver/src/stm32f4xx_dfsdm.c.obj
LOAD CMakeFiles/demo05.dir/Drivers/STM32F4xx_StdPeriph_Driver/src/stm32f4xx_dma.c.obj
LOAD CMakeFiles/demo05.dir/Drivers/STM32F4xx_StdPeriph_Driver/src/stm32f4xx_dma2d.c.obj
LOAD CMakeFiles/demo05.dir/Drivers/STM32F4xx_StdPeriph_Driver/src/stm32f4xx_dsi.c.obj
LOAD CMakeFiles/demo05.dir/Drivers/STM32F4xx_StdPeriph_Driver/src/stm32f4xx_exti.c.obj
LOAD CMakeFiles/demo05.dir/Drivers/STM32F4xx_StdPeriph_Driver/src/stm32f4xx_flash_ramfunc.c.obj
LOAD CMakeFiles/demo05.dir/Drivers/STM32F4xx_StdPeriph_Driver/src/stm32f4xx_flash.c.obj
LOAD CMakeFiles/demo05.dir/Drivers/STM32F4xx_StdPeriph_Driver/src/stm32f4xx_fmc.c.obj
LOAD CMakeFiles/demo05.dir/Drivers/STM32F4xx_StdPeriph_Driver/src/stm32f4xx_fmpi2c.c.obj
LOAD CMakeFiles/demo05.dir/Drivers/STM32F4xx_StdPeriph_Driver/src/stm32f4xx_gpio.c.obj
LOAD CMakeFiles/demo05.dir/Drivers/STM32F4xx_StdPeriph_Driver/src/stm32f4xx_hash_md5.c.obj
LOAD CMakeFiles/demo05.dir/Drivers/STM32F4xx_StdPeriph_Driver/src/stm32f4xx_hash_sha1.c.obj
LOAD CMakeFiles/demo05.dir/Drivers/STM32F4xx_StdPeriph_Driver/src/stm32f4xx_hash.c.obj
LOAD CMakeFiles/demo05.dir/Drivers/STM32F4xx_StdPeriph_Driver/src/stm32f4xx_i2c.c.obj
LOAD CMakeFiles/demo05.dir/Drivers/STM32F4xx_StdPeriph_Driver/src/stm32f4xx_iwdg.c.obj
LOAD CMakeFiles/demo05.dir/Drivers/STM32F4xx_StdPeriph_Driver/src/stm32f4xx_lptim.c.obj
LOAD CMakeFiles/demo05.dir/Drivers/STM32F4xx_StdPeriph_Driver/src/stm32f4xx_ltdc.c.obj
LOAD CMakeFiles/demo05.dir/Drivers/STM32F4xx_StdPeriph_Driver/src/stm32f4xx_pwr.c.obj
LOAD CMakeFiles/demo05.dir/Drivers/STM32F4xx_StdPeriph_Driver/src/stm32f4xx_qspi.c.obj
LOAD CMakeFiles/demo05.dir/Drivers/STM32F4xx_StdPeriph_Driver/src/stm32f4xx_rcc.c.obj
LOAD CMakeFiles/demo05.dir/Drivers/STM32F4xx_StdPeriph_Driver/src/stm32f4xx_rng.c.obj
LOAD CMakeFiles/demo05.dir/Drivers/STM32F4xx_StdPeriph_Driver/src/stm32f4xx_rtc.c.obj
LOAD CMakeFiles/demo05.dir/Drivers/STM32F4xx_StdPeriph_Driver/src/stm32f4xx_sai.c.obj
LOAD CMakeFiles/demo05.dir/Drivers/STM32F4xx_StdPeriph_Driver/src/stm32f4xx_sdio.c.obj
LOAD CMakeFiles/demo05.dir/Drivers/STM32F4xx_StdPeriph_Driver/src/stm32f4xx_spdifrx.c.obj
LOAD CMakeFiles/demo05.dir/Drivers/STM32F4xx_StdPeriph_Driver/src/stm32f4xx_spi.c.obj
LOAD CMakeFiles/demo05.dir/Drivers/STM32F4xx_StdPeriph_Driver/src/stm32f4xx_syscfg.c.obj
LOAD CMakeFiles/demo05.dir/Drivers/STM32F4xx_StdPeriph_Driver/src/stm32f4xx_tim.c.obj
LOAD CMakeFiles/demo05.dir/Drivers/STM32F4xx_StdPeriph_Driver/src/stm32f4xx_usart.c.obj
LOAD CMakeFiles/demo05.dir/Drivers/STM32F4xx_StdPeriph_Driver/src/stm32f4xx_wwdg.c.obj
LOAD CMakeFiles/demo05.dir/BSP/stm32/bsp.c.obj
LOAD CMakeFiles/demo05.dir/BSP/stm32/stm32f4xx_it.c.obj
LOAD CMakeFiles/demo05.dir/BSP/stm32/system_stm32f4xx.c.obj
LOAD CMakeFiles/demo05.dir/BSP/stm32/src/bsp_ext_io.c.obj
LOAD CMakeFiles/demo05.dir/BSP/stm32/src/bsp_led.c.obj
LOAD CMakeFiles/demo05.dir/BSP/stm32/src/bsp_dwt.c.obj
LOAD CMakeFiles/demo05.dir/Src/main.c.obj
LOAD CMakeFiles/demo05.dir/startup_stm32f429xx.s.obj
START GROUP
LOAD D:/Compliers/arm-gcc/arm-gcc/bin/../lib/gcc/arm-none-eabi/13.3.1/thumb/v7e-m+fp/hard\libgcc.a
LOAD D:/Compliers/arm-gcc/arm-gcc/bin/../lib/gcc/arm-none-eabi/13.3.1/thumb/v7e-m+fp/hard\libg_nano.a
LOAD D:/Compliers/arm-gcc/arm-gcc/bin/../lib/gcc/arm-none-eabi/13.3.1/thumb/v7e-m+fp/hard\libc_nano.a
END GROUP
START GROUP
LOAD D:/Compliers/arm-gcc/arm-gcc/bin/../lib/gcc/arm-none-eabi/13.3.1/thumb/v7e-m+fp/hard\libgcc.a
LOAD D:/Compliers/arm-gcc/arm-gcc/bin/../lib/gcc/arm-none-eabi/13.3.1/thumb/v7e-m+fp/hard\libc_nano.a
END GROUP
LOAD D:/Compliers/arm-gcc/arm-gcc/bin/../lib/gcc/arm-none-eabi/13.3.1/thumb/v7e-m+fp/hard/crtend.o
LOAD D:/Compliers/arm-gcc/arm-gcc/bin/../lib/gcc/arm-none-eabi/13.3.1/thumb/v7e-m+fp/hard/crtn.o
                0x20030000                        _estack = (ORIGIN (RAM) + LENGTH (RAM))
                0x00000200                        _Min_Heap_Size = 0x200
                0x00000400                        _Min_Stack_Size = 0x400

.isr_vector     0x08000000      0x1ac
                0x08000000                        . = ALIGN (0x4)
 *(.isr_vector)
 .isr_vector    0x08000000      0x1ac CMakeFiles/demo05.dir/startup_stm32f429xx.s.obj
                0x08000000                g_pfnVectors
                0x080001ac                        . = ALIGN (0x4)

.text           0x080001ac      0xeb0
                0x080001ac                        . = ALIGN (0x4)
 *(.text)
 *(.text*)
 .text.deregister_tm_clones
                0x080001ac       0x1c D:/Compliers/arm-gcc/arm-gcc/bin/../lib/gcc/arm-none-eabi/13.3.1/thumb/v7e-m+fp/hard/crtbegin.o
 .text.register_tm_clones
                0x080001c8       0x24 D:/Compliers/arm-gcc/arm-gcc/bin/../lib/gcc/arm-none-eabi/13.3.1/thumb/v7e-m+fp/hard/crtbegin.o
 .text.__do_global_dtors_aux
                0x080001ec       0x28 D:/Compliers/arm-gcc/arm-gcc/bin/../lib/gcc/arm-none-eabi/13.3.1/thumb/v7e-m+fp/hard/crtbegin.o
 .text.frame_dummy
                0x08000214       0x24 D:/Compliers/arm-gcc/arm-gcc/bin/../lib/gcc/arm-none-eabi/13.3.1/thumb/v7e-m+fp/hard/crtbegin.o
 .text.__libc_init_array
                0x08000238       0x48 D:/Compliers/arm-gcc/arm-gcc/bin/../lib/gcc/arm-none-eabi/13.3.1/thumb/v7e-m+fp/hard\libc_nano.a(libc_a-init.o)
                0x08000238                __libc_init_array
 .text.NVIC_PriorityGroupConfig
                0x08000280       0x28 CMakeFiles/demo05.dir/Drivers/STM32F4xx_StdPeriph_Driver/src/misc.c.obj
                0x08000280                NVIC_PriorityGroupConfig
 .text.EXTI_ClearITPendingBit
                0x080002a8       0x20 CMakeFiles/demo05.dir/Drivers/STM32F4xx_StdPeriph_Driver/src/stm32f4xx_exti.c.obj
                0x080002a8                EXTI_ClearITPendingBit
 .text.FMC_NORSRAMInit
                0x080002c8      0x1d8 CMakeFiles/demo05.dir/Drivers/STM32F4xx_StdPeriph_Driver/src/stm32f4xx_fmc.c.obj
                0x080002c8                FMC_NORSRAMInit
 .text.FMC_NORSRAMCmd
                0x080004a0       0x54 CMakeFiles/demo05.dir/Drivers/STM32F4xx_StdPeriph_Driver/src/stm32f4xx_fmc.c.obj
                0x080004a0                FMC_NORSRAMCmd
 .text.GPIO_Init
                0x080004f4      0x11e CMakeFiles/demo05.dir/Drivers/STM32F4xx_StdPeriph_Driver/src/stm32f4xx_gpio.c.obj
                0x080004f4                GPIO_Init
 .text.GPIO_PinAFConfig
                0x08000612       0x92 CMakeFiles/demo05.dir/Drivers/STM32F4xx_StdPeriph_Driver/src/stm32f4xx_gpio.c.obj
                0x08000612                GPIO_PinAFConfig
 .text.RCC_AHB1PeriphClockCmd
                0x080006a4       0x40 CMakeFiles/demo05.dir/Drivers/STM32F4xx_StdPeriph_Driver/src/stm32f4xx_rcc.c.obj
                0x080006a4                RCC_AHB1PeriphClockCmd
 .text.RCC_AHB3PeriphClockCmd
                0x080006e4       0x40 CMakeFiles/demo05.dir/Drivers/STM32F4xx_StdPeriph_Driver/src/stm32f4xx_rcc.c.obj
                0x080006e4                RCC_AHB3PeriphClockCmd
 .text.RTC_GetITStatus
                0x08000724       0x74 CMakeFiles/demo05.dir/Drivers/STM32F4xx_StdPeriph_Driver/src/stm32f4xx_rtc.c.obj
                0x08000724                RTC_GetITStatus
 .text.RTC_ClearITPendingBit
                0x08000798       0x3c CMakeFiles/demo05.dir/Drivers/STM32F4xx_StdPeriph_Driver/src/stm32f4xx_rtc.c.obj
                0x08000798                RTC_ClearITPendingBit
 .text.bsp_Init
                0x080007d4       0x20 CMakeFiles/demo05.dir/BSP/stm32/bsp.c.obj
                0x080007d4                bsp_Init
 .text.NMI_Handler
                0x080007f4        0xe CMakeFiles/demo05.dir/BSP/stm32/stm32f4xx_it.c.obj
                0x080007f4                NMI_Handler
 .text.HardFault_Handler
                0x08000802        0x8 CMakeFiles/demo05.dir/BSP/stm32/stm32f4xx_it.c.obj
                0x08000802                HardFault_Handler
 .text.MemManage_Handler
                0x0800080a        0x8 CMakeFiles/demo05.dir/BSP/stm32/stm32f4xx_it.c.obj
                0x0800080a                MemManage_Handler
 .text.BusFault_Handler
                0x08000812        0x8 CMakeFiles/demo05.dir/BSP/stm32/stm32f4xx_it.c.obj
                0x08000812                BusFault_Handler
 .text.UsageFault_Handler
                0x0800081a        0x8 CMakeFiles/demo05.dir/BSP/stm32/stm32f4xx_it.c.obj
                0x0800081a                UsageFault_Handler
 .text.SVC_Handler
                0x08000822        0xe CMakeFiles/demo05.dir/BSP/stm32/stm32f4xx_it.c.obj
                0x08000822                SVC_Handler
 .text.DebugMon_Handler
                0x08000830        0xe CMakeFiles/demo05.dir/BSP/stm32/stm32f4xx_it.c.obj
                0x08000830                DebugMon_Handler
 .text.PendSV_Handler
                0x0800083e        0xe CMakeFiles/demo05.dir/BSP/stm32/stm32f4xx_it.c.obj
                0x0800083e                PendSV_Handler
 .text.SysTick_Handler
                0x0800084c        0xe CMakeFiles/demo05.dir/BSP/stm32/stm32f4xx_it.c.obj
                0x0800084c                SysTick_Handler
 .text.RTC_WKUP_IRQHandler
                0x0800085a       0x26 CMakeFiles/demo05.dir/BSP/stm32/stm32f4xx_it.c.obj
                0x0800085a                RTC_WKUP_IRQHandler
 .text.SystemInit
                0x08000880       0x6c CMakeFiles/demo05.dir/BSP/stm32/system_stm32f4xx.c.obj
                0x08000880                SystemInit
 .text.SystemCoreClockUpdate
                0x080008ec      0x104 CMakeFiles/demo05.dir/BSP/stm32/system_stm32f4xx.c.obj
                0x080008ec                SystemCoreClockUpdate
 .text.SetSysClock
                0x080009f0      0x12c CMakeFiles/demo05.dir/BSP/stm32/system_stm32f4xx.c.obj
 .text.bsp_InitExtIO
                0x08000b1c       0x28 CMakeFiles/demo05.dir/BSP/stm32/src/bsp_ext_io.c.obj
                0x08000b1c                bsp_InitExtIO
 .text.HC574_SetPin
                0x08000b44       0x4c CMakeFiles/demo05.dir/BSP/stm32/src/bsp_ext_io.c.obj
                0x08000b44                HC574_SetPin
 .text.HC574_GetPin
                0x08000b90       0x2c CMakeFiles/demo05.dir/BSP/stm32/src/bsp_ext_io.c.obj
                0x08000b90                HC574_GetPin
 .text.HC574_ConfigGPIO
                0x08000bbc      0x208 CMakeFiles/demo05.dir/BSP/stm32/src/bsp_ext_io.c.obj
 .text.HC574_ConfigFMC
                0x08000dc4       0x7e CMakeFiles/demo05.dir/BSP/stm32/src/bsp_ext_io.c.obj
 .text.bsp_InitLed
                0x08000e42       0x20 CMakeFiles/demo05.dir/BSP/stm32/src/bsp_led.c.obj
                0x08000e42                bsp_InitLed
 .text.bsp_LedOff
                0x08000e62       0x58 CMakeFiles/demo05.dir/BSP/stm32/src/bsp_led.c.obj
                0x08000e62                bsp_LedOff
 .text.bsp_LedToggle
                0x08000eba       0x68 CMakeFiles/demo05.dir/BSP/stm32/src/bsp_led.c.obj
                0x08000eba                bsp_LedToggle
 *fill*         0x08000f22        0x2 
 .text.bsp_InitDWT
                0x08000f24       0x38 CMakeFiles/demo05.dir/BSP/stm32/src/bsp_dwt.c.obj
                0x08000f24                bsp_InitDWT
 .text.bsp_DelayMS
                0x08000f5c       0x20 CMakeFiles/demo05.dir/BSP/stm32/src/bsp_dwt.c.obj
                0x08000f5c                bsp_DelayMS
 .text.bsp_DelayUS
                0x08000f7c       0x54 CMakeFiles/demo05.dir/BSP/stm32/src/bsp_dwt.c.obj
                0x08000f7c                bsp_DelayUS
 .text.main     0x08000fd0       0x20 CMakeFiles/demo05.dir/Src/main.c.obj
                0x08000fd0                main
 .text.Reset_Handler
                0x08000ff0       0x50 CMakeFiles/demo05.dir/startup_stm32f429xx.s.obj
                0x08000ff0                Reset_Handler
 .text.Default_Handler
                0x08001040        0x2 CMakeFiles/demo05.dir/startup_stm32f429xx.s.obj
                0x08001040                RTC_Alarm_IRQHandler
                0x08001040                HASH_RNG_IRQHandler
                0x08001040                EXTI2_IRQHandler
                0x08001040                TIM8_CC_IRQHandler
                0x08001040                UART8_IRQHandler
                0x08001040                SPI4_IRQHandler
                0x08001040                TIM1_CC_IRQHandler
                0x08001040                DMA2_Stream5_IRQHandler
                0x08001040                DMA1_Stream5_IRQHandler
                0x08001040                PVD_IRQHandler
                0x08001040                SDIO_IRQHandler
                0x08001040                TAMP_STAMP_IRQHandler
                0x08001040                CAN2_RX1_IRQHandler
                0x08001040                EXTI3_IRQHandler
                0x08001040                TIM8_TRG_COM_TIM14_IRQHandler
                0x08001040                TIM1_UP_TIM10_IRQHandler
                0x08001040                TIM8_UP_TIM13_IRQHandler
                0x08001040                I2C3_ER_IRQHandler
                0x08001040                EXTI0_IRQHandler
                0x08001040                I2C2_EV_IRQHandler
                0x08001040                DMA1_Stream2_IRQHandler
                0x08001040                CAN1_RX0_IRQHandler
                0x08001040                FPU_IRQHandler
                0x08001040                OTG_HS_WKUP_IRQHandler
                0x08001040                LTDC_ER_IRQHandler
                0x08001040                CAN2_SCE_IRQHandler
                0x08001040                DMA2_Stream2_IRQHandler
                0x08001040                SPI1_IRQHandler
                0x08001040                TIM6_DAC_IRQHandler
                0x08001040                TIM1_BRK_TIM9_IRQHandler
                0x08001040                DCMI_IRQHandler
                0x08001040                CAN2_RX0_IRQHandler
                0x08001040                DMA2_Stream3_IRQHandler
                0x08001040                USART6_IRQHandler
                0x08001040                USART3_IRQHandler
                0x08001040                CAN1_RX1_IRQHandler
                0x08001040                UART5_IRQHandler
                0x08001040                DMA2_Stream0_IRQHandler
                0x08001040                TIM4_IRQHandler
                0x08001040                I2C1_EV_IRQHandler
                0x08001040                DMA1_Stream6_IRQHandler
                0x08001040                DMA1_Stream1_IRQHandler
                0x08001040                UART4_IRQHandler
                0x08001040                TIM3_IRQHandler
                0x08001040                RCC_IRQHandler
                0x08001040                TIM8_BRK_TIM12_IRQHandler
                0x08001040                Default_Handler
                0x08001040                EXTI15_10_IRQHandler
                0x08001040                ADC_IRQHandler
                0x08001040                DMA1_Stream7_IRQHandler
                0x08001040                SPI5_IRQHandler
                0x08001040                TIM7_IRQHandler
                0x08001040                CAN2_TX_IRQHandler
                0x08001040                TIM5_IRQHandler
                0x08001040                DMA2_Stream7_IRQHandler
                0x08001040                I2C3_EV_IRQHandler
                0x08001040                EXTI9_5_IRQHandler
                0x08001040                LTDC_IRQHandler
                0x08001040                ETH_WKUP_IRQHandler
                0x08001040                SPI2_IRQHandler
                0x08001040                OTG_HS_EP1_IN_IRQHandler
                0x08001040                DMA1_Stream0_IRQHandler
                0x08001040                CAN1_TX_IRQHandler
                0x08001040                EXTI4_IRQHandler
                0x08001040                ETH_IRQHandler
                0x08001040                OTG_HS_EP1_OUT_IRQHandler
                0x08001040                WWDG_IRQHandler
                0x08001040                SPI6_IRQHandler
                0x08001040                TIM2_IRQHandler
                0x08001040                OTG_FS_WKUP_IRQHandler
                0x08001040                TIM1_TRG_COM_TIM11_IRQHandler
                0x08001040                OTG_HS_IRQHandler
                0x08001040                DMA2D_IRQHandler
                0x08001040                EXTI1_IRQHandler
                0x08001040                UART7_IRQHandler
                0x08001040                USART2_IRQHandler
                0x08001040                I2C2_ER_IRQHandler
                0x08001040                DMA2_Stream1_IRQHandler
                0x08001040                CAN1_SCE_IRQHandler
                0x08001040                FLASH_IRQHandler
                0x08001040                DMA2_Stream4_IRQHandler
                0x08001040                USART1_IRQHandler
                0x08001040                OTG_FS_IRQHandler
                0x08001040                SPI3_IRQHandler
                0x08001040                DMA1_Stream4_IRQHandler
                0x08001040                I2C1_ER_IRQHandler
                0x08001040                FMC_IRQHandler
                0x08001040                DMA2_Stream6_IRQHandler
                0x08001040                SAI1_IRQHandler
                0x08001040                DMA1_Stream3_IRQHandler
 *(.glue_7)
 .glue_7        0x08001042        0x0 linker stubs
 *(.glue_7t)
 .glue_7t       0x08001042        0x0 linker stubs
 *(.eh_frame)
 *fill*         0x08001042        0x2 
 .eh_frame      0x08001044        0x0 D:/Compliers/arm-gcc/arm-gcc/bin/../lib/gcc/arm-none-eabi/13.3.1/thumb/v7e-m+fp/hard/crtbegin.o
 *(.init)
 .init          0x08001044        0x4 D:/Compliers/arm-gcc/arm-gcc/bin/../lib/gcc/arm-none-eabi/13.3.1/thumb/v7e-m+fp/hard/crti.o
                0x08001044                _init
 .init          0x08001048        0x8 D:/Compliers/arm-gcc/arm-gcc/bin/../lib/gcc/arm-none-eabi/13.3.1/thumb/v7e-m+fp/hard/crtn.o
 *(.fini)
 .fini          0x08001050        0x4 D:/Compliers/arm-gcc/arm-gcc/bin/../lib/gcc/arm-none-eabi/13.3.1/thumb/v7e-m+fp/hard/crti.o
                0x08001050                _fini
 .fini          0x08001054        0x8 D:/Compliers/arm-gcc/arm-gcc/bin/../lib/gcc/arm-none-eabi/13.3.1/thumb/v7e-m+fp/hard/crtn.o
                0x0800105c                        . = ALIGN (0x4)
                0x0800105c                        _etext = .

.vfp11_veneer   0x0800105c        0x0
 .vfp11_veneer  0x0800105c        0x0 linker stubs

.v4_bx          0x0800105c        0x0
 .v4_bx         0x0800105c        0x0 linker stubs

.iplt           0x0800105c        0x0
 .iplt          0x0800105c        0x0 D:/Compliers/arm-gcc/arm-gcc/bin/../lib/gcc/arm-none-eabi/13.3.1/thumb/v7e-m+fp/hard/crtbegin.o

.rodata         0x0800105c       0x10
                0x0800105c                        . = ALIGN (0x4)
 *(.rodata)
 *(.rodata*)
 .rodata.AHBPrescTable
                0x0800105c       0x10 CMakeFiles/demo05.dir/BSP/stm32/system_stm32f4xx.c.obj
                0x0800105c                AHBPrescTable
                0x0800106c                        . = ALIGN (0x4)

.rel.dyn        0x0800106c        0x0
 .rel.iplt      0x0800106c        0x0 D:/Compliers/arm-gcc/arm-gcc/bin/../lib/gcc/arm-none-eabi/13.3.1/thumb/v7e-m+fp/hard/crtbegin.o

.ARM.extab
 *(.ARM.extab* .gnu.linkonce.armextab.*)

.ARM            0x0800106c        0x0
                0x0800106c                        __exidx_start = .
 *(.ARM.exidx*)
                0x0800106c                        __exidx_end = .

.preinit_array  0x0800106c        0x0
                0x0800106c                        PROVIDE (__preinit_array_start = .)
 *(.preinit_array*)
                0x0800106c                        PROVIDE (__preinit_array_end = .)

.init_array     0x0800106c        0x4
                0x0800106c                        PROVIDE (__init_array_start = .)
 *(SORT_BY_NAME(.init_array.*))
 *(.init_array*)
 .init_array    0x0800106c        0x4 D:/Compliers/arm-gcc/arm-gcc/bin/../lib/gcc/arm-none-eabi/13.3.1/thumb/v7e-m+fp/hard/crtbegin.o
                0x08001070                        PROVIDE (__init_array_end = .)

.fini_array     0x08001070        0x4
                [!provide]                        PROVIDE (__fini_array_start = .)
 *(SORT_BY_NAME(.fini_array.*))
 *(.fini_array*)
 .fini_array    0x08001070        0x4 D:/Compliers/arm-gcc/arm-gcc/bin/../lib/gcc/arm-none-eabi/13.3.1/thumb/v7e-m+fp/hard/crtbegin.o
                [!provide]                        PROVIDE (__fini_array_end = .)
                0x08001074                        _sidata = LOADADDR (.data)

.data           0x20000000        0x4 load address 0x08001074
                0x20000000                        . = ALIGN (0x4)
                0x20000000                        _sdata = .
 *(.data)
 *(.data*)
 .data.SystemCoreClock
                0x20000000        0x4 CMakeFiles/demo05.dir/BSP/stm32/system_stm32f4xx.c.obj
                0x20000000                SystemCoreClock
                0x20000004                        . = ALIGN (0x4)
                0x20000004                        _edata = .
                0x08001078                        _siccmram = LOADADDR (.ccmram)

.tm_clone_table
                0x20000004        0x0 load address 0x08001078
 .tm_clone_table
                0x20000004        0x0 D:/Compliers/arm-gcc/arm-gcc/bin/../lib/gcc/arm-none-eabi/13.3.1/thumb/v7e-m+fp/hard/crtbegin.o
 .tm_clone_table
                0x20000004        0x0 D:/Compliers/arm-gcc/arm-gcc/bin/../lib/gcc/arm-none-eabi/13.3.1/thumb/v7e-m+fp/hard/crtend.o

.igot.plt       0x20000004        0x0 load address 0x08001078
 .igot.plt      0x20000004        0x0 D:/Compliers/arm-gcc/arm-gcc/bin/../lib/gcc/arm-none-eabi/13.3.1/thumb/v7e-m+fp/hard/crtbegin.o

.ccmram         0x10000000        0x0 load address 0x08001078
                0x10000000                        . = ALIGN (0x4)
                0x10000000                        _sccmram = .
 *(.ccmram)
 *(.ccmram*)
                0x10000000                        . = ALIGN (0x4)
                0x10000000                        _eccmram = .
                0x10000000                        . = ALIGN (0x4)

.bss            0x20000004       0x20
                0x20000004                        _sbss = .
                0x20000004                        __bss_start__ = _sbss
 *(.bss)
 *(.bss*)
 .bss.completed.1
                0x20000004        0x1 D:/Compliers/arm-gcc/arm-gcc/bin/../lib/gcc/arm-none-eabi/13.3.1/thumb/v7e-m+fp/hard/crtbegin.o
 *fill*         0x20000005        0x3 
 .bss.object.0  0x20000008       0x18 D:/Compliers/arm-gcc/arm-gcc/bin/../lib/gcc/arm-none-eabi/13.3.1/thumb/v7e-m+fp/hard/crtbegin.o
 .bss.g_HC574   0x20000020        0x4 CMakeFiles/demo05.dir/BSP/stm32/src/bsp_ext_io.c.obj
                0x20000020                g_HC574
 *(COMMON)
                0x20000024                        . = ALIGN (0x4)
                0x20000024                        _ebss = .
                0x20000024                        __bss_end__ = _ebss

._user_heap_stack
                0x20000024      0x604
                0x20000028                        . = ALIGN (0x8)
 *fill*         0x20000024        0x4 
                [!provide]                        PROVIDE (end = .)
                [!provide]                        PROVIDE (_end = .)
                0x20000228                        . = (. + _Min_Heap_Size)
 *fill*         0x20000028      0x200 
                0x20000628                        . = (. + _Min_Stack_Size)
 *fill*         0x20000228      0x400 
                0x20000628                        . = ALIGN (0x8)

/DISCARD/
 libc.a(*)
 libm.a(*)
 libgcc.a(*)

.ARM.attributes
                0x00000000       0x30
 *(.ARM.attributes)
 .ARM.attributes
                0x00000000       0x22 D:/Compliers/arm-gcc/arm-gcc/bin/../lib/gcc/arm-none-eabi/13.3.1/thumb/v7e-m+fp/hard/crti.o
 .ARM.attributes
                0x00000022       0x34 D:/Compliers/arm-gcc/arm-gcc/bin/../lib/gcc/arm-none-eabi/13.3.1/thumb/v7e-m+fp/hard/crtbegin.o
 .ARM.attributes
                0x00000056       0x34 D:/Compliers/arm-gcc/arm-gcc/bin/../lib/gcc/arm-none-eabi/13.3.1/thumb/v7e-m+fp/hard\libc_nano.a(libc_a-init.o)
 .ARM.attributes
                0x0000008a       0x34 CMakeFiles/demo05.dir/Drivers/STM32F4xx_StdPeriph_Driver/src/misc.c.obj
 .ARM.attributes
                0x000000be       0x34 CMakeFiles/demo05.dir/Drivers/STM32F4xx_StdPeriph_Driver/src/stm32f4xx_exti.c.obj
 .ARM.attributes
                0x000000f2       0x34 CMakeFiles/demo05.dir/Drivers/STM32F4xx_StdPeriph_Driver/src/stm32f4xx_fmc.c.obj
 .ARM.attributes
                0x00000126       0x34 CMakeFiles/demo05.dir/Drivers/STM32F4xx_StdPeriph_Driver/src/stm32f4xx_gpio.c.obj
 .ARM.attributes
                0x0000015a       0x34 CMakeFiles/demo05.dir/Drivers/STM32F4xx_StdPeriph_Driver/src/stm32f4xx_rcc.c.obj
 .ARM.attributes
                0x0000018e       0x34 CMakeFiles/demo05.dir/Drivers/STM32F4xx_StdPeriph_Driver/src/stm32f4xx_rtc.c.obj
 .ARM.attributes
                0x000001c2       0x34 CMakeFiles/demo05.dir/BSP/stm32/bsp.c.obj
 .ARM.attributes
                0x000001f6       0x34 CMakeFiles/demo05.dir/BSP/stm32/stm32f4xx_it.c.obj
 .ARM.attributes
                0x0000022a       0x34 CMakeFiles/demo05.dir/BSP/stm32/system_stm32f4xx.c.obj
 .ARM.attributes
                0x0000025e       0x34 CMakeFiles/demo05.dir/BSP/stm32/src/bsp_ext_io.c.obj
 .ARM.attributes
                0x00000292       0x34 CMakeFiles/demo05.dir/BSP/stm32/src/bsp_led.c.obj
 .ARM.attributes
                0x000002c6       0x34 CMakeFiles/demo05.dir/BSP/stm32/src/bsp_dwt.c.obj
 .ARM.attributes
                0x000002fa       0x34 CMakeFiles/demo05.dir/Src/main.c.obj
 .ARM.attributes
                0x0000032e       0x21 CMakeFiles/demo05.dir/startup_stm32f429xx.s.obj
 .ARM.attributes
                0x0000034f       0x34 D:/Compliers/arm-gcc/arm-gcc/bin/../lib/gcc/arm-none-eabi/13.3.1/thumb/v7e-m+fp/hard/crtend.o
 .ARM.attributes
                0x00000383       0x22 D:/Compliers/arm-gcc/arm-gcc/bin/../lib/gcc/arm-none-eabi/13.3.1/thumb/v7e-m+fp/hard/crtn.o
OUTPUT(demo05.elf elf32-littlearm)
LOAD linker stubs
LOAD D:/Compliers/arm-gcc/arm-gcc/bin/../lib/gcc/arm-none-eabi/13.3.1/thumb/v7e-m+fp/hard\libc.a
LOAD D:/Compliers/arm-gcc/arm-gcc/bin/../lib/gcc/arm-none-eabi/13.3.1/thumb/v7e-m+fp/hard\libm.a
LOAD D:/Compliers/arm-gcc/arm-gcc/bin/../lib/gcc/arm-none-eabi/13.3.1/thumb/v7e-m+fp/hard\libgcc.a

.debug_frame    0x00000000     0x1e10
 .debug_frame   0x00000000       0x2c D:/Compliers/arm-gcc/arm-gcc/bin/../lib/gcc/arm-none-eabi/13.3.1/thumb/v7e-m+fp/hard\libc_nano.a(libc_a-init.o)
 .debug_frame   0x0000002c       0xd8 CMakeFiles/demo05.dir/Drivers/STM32F4xx_StdPeriph_Driver/src/misc.c.obj
 .debug_frame   0x00000104      0x148 CMakeFiles/demo05.dir/Drivers/STM32F4xx_StdPeriph_Driver/src/stm32f4xx_exti.c.obj
 .debug_frame   0x0000024c      0x440 CMakeFiles/demo05.dir/Drivers/STM32F4xx_StdPeriph_Driver/src/stm32f4xx_fmc.c.obj
 .debug_frame   0x0000068c      0x23c CMakeFiles/demo05.dir/Drivers/STM32F4xx_StdPeriph_Driver/src/stm32f4xx_gpio.c.obj
 .debug_frame   0x000008c8      0x83c CMakeFiles/demo05.dir/Drivers/STM32F4xx_StdPeriph_Driver/src/stm32f4xx_rcc.c.obj
 .debug_frame   0x00001104      0x8b0 CMakeFiles/demo05.dir/Drivers/STM32F4xx_StdPeriph_Driver/src/stm32f4xx_rtc.c.obj
 .debug_frame   0x000019b4       0x8c CMakeFiles/demo05.dir/BSP/stm32/bsp.c.obj
 .debug_frame   0x00001a40      0x12c CMakeFiles/demo05.dir/BSP/stm32/stm32f4xx_it.c.obj
 .debug_frame   0x00001b6c       0x7c CMakeFiles/demo05.dir/BSP/stm32/system_stm32f4xx.c.obj
 .debug_frame   0x00001be8       0xc4 CMakeFiles/demo05.dir/BSP/stm32/src/bsp_ext_io.c.obj
 .debug_frame   0x00001cac       0xbc CMakeFiles/demo05.dir/BSP/stm32/src/bsp_led.c.obj
 .debug_frame   0x00001d68       0x7c CMakeFiles/demo05.dir/BSP/stm32/src/bsp_dwt.c.obj
 .debug_frame   0x00001de4       0x2c CMakeFiles/demo05.dir/Src/main.c.obj

.debug_info     0x00000000     0x4b88
 .debug_info    0x00000000      0x4fa CMakeFiles/demo05.dir/Drivers/STM32F4xx_StdPeriph_Driver/src/misc.c.obj
 .debug_info    0x000004fa      0x31f CMakeFiles/demo05.dir/Drivers/STM32F4xx_StdPeriph_Driver/src/stm32f4xx_exti.c.obj
 .debug_info    0x00000819      0xce0 CMakeFiles/demo05.dir/Drivers/STM32F4xx_StdPeriph_Driver/src/stm32f4xx_fmc.c.obj
 .debug_info    0x000014f9      0x60c CMakeFiles/demo05.dir/Drivers/STM32F4xx_StdPeriph_Driver/src/stm32f4xx_gpio.c.obj
 .debug_info    0x00001b05      0xdf3 CMakeFiles/demo05.dir/Drivers/STM32F4xx_StdPeriph_Driver/src/stm32f4xx_rcc.c.obj
 .debug_info    0x000028f8     0x108c CMakeFiles/demo05.dir/Drivers/STM32F4xx_StdPeriph_Driver/src/stm32f4xx_rtc.c.obj
 .debug_info    0x00003984      0x10b CMakeFiles/demo05.dir/BSP/stm32/bsp.c.obj
 .debug_info    0x00003a8f      0x190 CMakeFiles/demo05.dir/BSP/stm32/stm32f4xx_it.c.obj
 .debug_info    0x00003c1f      0x5f5 CMakeFiles/demo05.dir/BSP/stm32/system_stm32f4xx.c.obj
 .debug_info    0x00004214      0x57c CMakeFiles/demo05.dir/BSP/stm32/src/bsp_ext_io.c.obj
 .debug_info    0x00004790      0x1b2 CMakeFiles/demo05.dir/BSP/stm32/src/bsp_led.c.obj
 .debug_info    0x00004942      0x127 CMakeFiles/demo05.dir/BSP/stm32/src/bsp_dwt.c.obj
 .debug_info    0x00004a69       0xef CMakeFiles/demo05.dir/Src/main.c.obj
 .debug_info    0x00004b58       0x30 CMakeFiles/demo05.dir/startup_stm32f429xx.s.obj

.debug_abbrev   0x00000000     0x1221
 .debug_abbrev  0x00000000      0x17f CMakeFiles/demo05.dir/Drivers/STM32F4xx_StdPeriph_Driver/src/misc.c.obj
 .debug_abbrev  0x0000017f      0x1d3 CMakeFiles/demo05.dir/Drivers/STM32F4xx_StdPeriph_Driver/src/stm32f4xx_exti.c.obj
 .debug_abbrev  0x00000352      0x1da CMakeFiles/demo05.dir/Drivers/STM32F4xx_StdPeriph_Driver/src/stm32f4xx_fmc.c.obj
 .debug_abbrev  0x0000052c      0x1ee CMakeFiles/demo05.dir/Drivers/STM32F4xx_StdPeriph_Driver/src/stm32f4xx_gpio.c.obj
 .debug_abbrev  0x0000071a      0x1e1 CMakeFiles/demo05.dir/Drivers/STM32F4xx_StdPeriph_Driver/src/stm32f4xx_rcc.c.obj
 .debug_abbrev  0x000008fb      0x1f7 CMakeFiles/demo05.dir/Drivers/STM32F4xx_StdPeriph_Driver/src/stm32f4xx_rtc.c.obj
 .debug_abbrev  0x00000af2       0x9e CMakeFiles/demo05.dir/BSP/stm32/bsp.c.obj
 .debug_abbrev  0x00000b90       0xeb CMakeFiles/demo05.dir/BSP/stm32/stm32f4xx_it.c.obj
 .debug_abbrev  0x00000c7b      0x169 CMakeFiles/demo05.dir/BSP/stm32/system_stm32f4xx.c.obj
 .debug_abbrev  0x00000de4      0x1ed CMakeFiles/demo05.dir/BSP/stm32/src/bsp_ext_io.c.obj
 .debug_abbrev  0x00000fd1       0xe6 CMakeFiles/demo05.dir/BSP/stm32/src/bsp_led.c.obj
 .debug_abbrev  0x000010b7       0xc2 CMakeFiles/demo05.dir/BSP/stm32/src/bsp_dwt.c.obj
 .debug_abbrev  0x00001179       0x84 CMakeFiles/demo05.dir/Src/main.c.obj
 .debug_abbrev  0x000011fd       0x24 CMakeFiles/demo05.dir/startup_stm32f429xx.s.obj

.debug_aranges  0x00000000      0x778
 .debug_aranges
                0x00000000       0x40 CMakeFiles/demo05.dir/Drivers/STM32F4xx_StdPeriph_Driver/src/misc.c.obj
 .debug_aranges
                0x00000040       0x58 CMakeFiles/demo05.dir/Drivers/STM32F4xx_StdPeriph_Driver/src/stm32f4xx_exti.c.obj
 .debug_aranges
                0x00000098       0xf0 CMakeFiles/demo05.dir/Drivers/STM32F4xx_StdPeriph_Driver/src/stm32f4xx_fmc.c.obj
 .debug_aranges
                0x00000188       0x88 CMakeFiles/demo05.dir/Drivers/STM32F4xx_StdPeriph_Driver/src/stm32f4xx_gpio.c.obj
 .debug_aranges
                0x00000210      0x1c0 CMakeFiles/demo05.dir/Drivers/STM32F4xx_StdPeriph_Driver/src/stm32f4xx_rcc.c.obj
 .debug_aranges
                0x000003d0      0x1e0 CMakeFiles/demo05.dir/Drivers/STM32F4xx_StdPeriph_Driver/src/stm32f4xx_rtc.c.obj
 .debug_aranges
                0x000005b0       0x38 CMakeFiles/demo05.dir/BSP/stm32/bsp.c.obj
 .debug_aranges
                0x000005e8       0x68 CMakeFiles/demo05.dir/BSP/stm32/stm32f4xx_it.c.obj
 .debug_aranges
                0x00000650       0x30 CMakeFiles/demo05.dir/BSP/stm32/system_stm32f4xx.c.obj
 .debug_aranges
                0x00000680       0x40 CMakeFiles/demo05.dir/BSP/stm32/src/bsp_ext_io.c.obj
 .debug_aranges
                0x000006c0       0x40 CMakeFiles/demo05.dir/BSP/stm32/src/bsp_led.c.obj
 .debug_aranges
                0x00000700       0x30 CMakeFiles/demo05.dir/BSP/stm32/src/bsp_dwt.c.obj
 .debug_aranges
                0x00000730       0x20 CMakeFiles/demo05.dir/Src/main.c.obj
 .debug_aranges
                0x00000750       0x28 CMakeFiles/demo05.dir/startup_stm32f429xx.s.obj

.debug_rnglists
                0x00000000      0x572
 .debug_rnglists
                0x00000000       0x2c CMakeFiles/demo05.dir/Drivers/STM32F4xx_StdPeriph_Driver/src/misc.c.obj
 .debug_rnglists
                0x0000002c       0x3e CMakeFiles/demo05.dir/Drivers/STM32F4xx_StdPeriph_Driver/src/stm32f4xx_exti.c.obj
 .debug_rnglists
                0x0000006a       0xb8 CMakeFiles/demo05.dir/Drivers/STM32F4xx_StdPeriph_Driver/src/stm32f4xx_fmc.c.obj
 .debug_rnglists
                0x00000122       0x64 CMakeFiles/demo05.dir/Drivers/STM32F4xx_StdPeriph_Driver/src/stm32f4xx_gpio.c.obj
 .debug_rnglists
                0x00000186      0x14c CMakeFiles/demo05.dir/Drivers/STM32F4xx_StdPeriph_Driver/src/stm32f4xx_rcc.c.obj
 .debug_rnglists
                0x000002d2      0x16f CMakeFiles/demo05.dir/Drivers/STM32F4xx_StdPeriph_Driver/src/stm32f4xx_rtc.c.obj
 .debug_rnglists
                0x00000441       0x25 CMakeFiles/demo05.dir/BSP/stm32/bsp.c.obj
 .debug_rnglists
                0x00000466       0x49 CMakeFiles/demo05.dir/BSP/stm32/stm32f4xx_it.c.obj
 .debug_rnglists
                0x000004af       0x21 CMakeFiles/demo05.dir/BSP/stm32/system_stm32f4xx.c.obj
 .debug_rnglists
                0x000004d0       0x2c CMakeFiles/demo05.dir/BSP/stm32/src/bsp_ext_io.c.obj
 .debug_rnglists
                0x000004fc       0x2b CMakeFiles/demo05.dir/BSP/stm32/src/bsp_led.c.obj
 .debug_rnglists
                0x00000527       0x1f CMakeFiles/demo05.dir/BSP/stm32/src/bsp_dwt.c.obj
 .debug_rnglists
                0x00000546       0x13 CMakeFiles/demo05.dir/Src/main.c.obj
 .debug_rnglists
                0x00000559       0x19 CMakeFiles/demo05.dir/startup_stm32f429xx.s.obj

.debug_macro    0x00000000    0x137e9
 .debug_macro   0x00000000      0x1e2 CMakeFiles/demo05.dir/Drivers/STM32F4xx_StdPeriph_Driver/src/misc.c.obj
 .debug_macro   0x000001e2      0xad8 CMakeFiles/demo05.dir/Drivers/STM32F4xx_StdPeriph_Driver/src/misc.c.obj
 .debug_macro   0x00000cba       0x65 CMakeFiles/demo05.dir/Drivers/STM32F4xx_StdPeriph_Driver/src/misc.c.obj
 .debug_macro   0x00000d1f       0x3b CMakeFiles/demo05.dir/Drivers/STM32F4xx_StdPeriph_Driver/src/misc.c.obj
 .debug_macro   0x00000d5a       0x22 CMakeFiles/demo05.dir/Drivers/STM32F4xx_StdPeriph_Driver/src/misc.c.obj
 .debug_macro   0x00000d7c       0x8e CMakeFiles/demo05.dir/Drivers/STM32F4xx_StdPeriph_Driver/src/misc.c.obj
 .debug_macro   0x00000e0a       0x51 CMakeFiles/demo05.dir/Drivers/STM32F4xx_StdPeriph_Driver/src/misc.c.obj
 .debug_macro   0x00000e5b      0x103 CMakeFiles/demo05.dir/Drivers/STM32F4xx_StdPeriph_Driver/src/misc.c.obj
 .debug_macro   0x00000f5e       0x6a CMakeFiles/demo05.dir/Drivers/STM32F4xx_StdPeriph_Driver/src/misc.c.obj
 .debug_macro   0x00000fc8      0x1df CMakeFiles/demo05.dir/Drivers/STM32F4xx_StdPeriph_Driver/src/misc.c.obj
 .debug_macro   0x000011a7       0x34 CMakeFiles/demo05.dir/Drivers/STM32F4xx_StdPeriph_Driver/src/misc.c.obj
 .debug_macro   0x000011db       0x26 CMakeFiles/demo05.dir/Drivers/STM32F4xx_StdPeriph_Driver/src/misc.c.obj
 .debug_macro   0x00001201      0xe43 CMakeFiles/demo05.dir/Drivers/STM32F4xx_StdPeriph_Driver/src/misc.c.obj
 .debug_macro   0x00002044     0x961b CMakeFiles/demo05.dir/Drivers/STM32F4xx_StdPeriph_Driver/src/misc.c.obj
 .debug_macro   0x0000b65f      0x44f CMakeFiles/demo05.dir/Drivers/STM32F4xx_StdPeriph_Driver/src/misc.c.obj
 .debug_macro   0x0000baae       0xb2 CMakeFiles/demo05.dir/Drivers/STM32F4xx_StdPeriph_Driver/src/misc.c.obj
 .debug_macro   0x0000bb60      0x477 CMakeFiles/demo05.dir/Drivers/STM32F4xx_StdPeriph_Driver/src/misc.c.obj
 .debug_macro   0x0000bfd7       0xb5 CMakeFiles/demo05.dir/Drivers/STM32F4xx_StdPeriph_Driver/src/misc.c.obj
 .debug_macro   0x0000c08c      0x41c CMakeFiles/demo05.dir/Drivers/STM32F4xx_StdPeriph_Driver/src/misc.c.obj
 .debug_macro   0x0000c4a8      0x2fb CMakeFiles/demo05.dir/Drivers/STM32F4xx_StdPeriph_Driver/src/misc.c.obj
 .debug_macro   0x0000c7a3      0x2ba CMakeFiles/demo05.dir/Drivers/STM32F4xx_StdPeriph_Driver/src/misc.c.obj
 .debug_macro   0x0000ca5d       0x64 CMakeFiles/demo05.dir/Drivers/STM32F4xx_StdPeriph_Driver/src/misc.c.obj
 .debug_macro   0x0000cac1       0xee CMakeFiles/demo05.dir/Drivers/STM32F4xx_StdPeriph_Driver/src/misc.c.obj
 .debug_macro   0x0000cbaf      0x65f CMakeFiles/demo05.dir/Drivers/STM32F4xx_StdPeriph_Driver/src/misc.c.obj
 .debug_macro   0x0000d20e      0x59e CMakeFiles/demo05.dir/Drivers/STM32F4xx_StdPeriph_Driver/src/misc.c.obj
 .debug_macro   0x0000d7ac      0x342 CMakeFiles/demo05.dir/Drivers/STM32F4xx_StdPeriph_Driver/src/misc.c.obj
 .debug_macro   0x0000daee      0x36c CMakeFiles/demo05.dir/Drivers/STM32F4xx_StdPeriph_Driver/src/misc.c.obj
 .debug_macro   0x0000de5a      0x114 CMakeFiles/demo05.dir/Drivers/STM32F4xx_StdPeriph_Driver/src/misc.c.obj
 .debug_macro   0x0000df6e      0x73b CMakeFiles/demo05.dir/Drivers/STM32F4xx_StdPeriph_Driver/src/misc.c.obj
 .debug_macro   0x0000e6a9      0x223 CMakeFiles/demo05.dir/Drivers/STM32F4xx_StdPeriph_Driver/src/misc.c.obj
 .debug_macro   0x0000e8cc       0x34 CMakeFiles/demo05.dir/Drivers/STM32F4xx_StdPeriph_Driver/src/misc.c.obj
 .debug_macro   0x0000e900      0x144 CMakeFiles/demo05.dir/Drivers/STM32F4xx_StdPeriph_Driver/src/misc.c.obj
 .debug_macro   0x0000ea44       0xc3 CMakeFiles/demo05.dir/Drivers/STM32F4xx_StdPeriph_Driver/src/misc.c.obj
 .debug_macro   0x0000eb07       0x40 CMakeFiles/demo05.dir/Drivers/STM32F4xx_StdPeriph_Driver/src/misc.c.obj
 .debug_macro   0x0000eb47      0x3cf CMakeFiles/demo05.dir/Drivers/STM32F4xx_StdPeriph_Driver/src/misc.c.obj
 .debug_macro   0x0000ef16      0x188 CMakeFiles/demo05.dir/Drivers/STM32F4xx_StdPeriph_Driver/src/misc.c.obj
 .debug_macro   0x0000f09e      0x149 CMakeFiles/demo05.dir/Drivers/STM32F4xx_StdPeriph_Driver/src/misc.c.obj
 .debug_macro   0x0000f1e7      0x21e CMakeFiles/demo05.dir/Drivers/STM32F4xx_StdPeriph_Driver/src/misc.c.obj
 .debug_macro   0x0000f405      0x478 CMakeFiles/demo05.dir/Drivers/STM32F4xx_StdPeriph_Driver/src/misc.c.obj
 .debug_macro   0x0000f87d      0x23a CMakeFiles/demo05.dir/Drivers/STM32F4xx_StdPeriph_Driver/src/misc.c.obj
 .debug_macro   0x0000fab7      0x359 CMakeFiles/demo05.dir/Drivers/STM32F4xx_StdPeriph_Driver/src/misc.c.obj
 .debug_macro   0x0000fe10       0x35 CMakeFiles/demo05.dir/Drivers/STM32F4xx_StdPeriph_Driver/src/misc.c.obj
 .debug_macro   0x0000fe45       0x7c CMakeFiles/demo05.dir/Drivers/STM32F4xx_StdPeriph_Driver/src/misc.c.obj
 .debug_macro   0x0000fec1      0x1e2 CMakeFiles/demo05.dir/Drivers/STM32F4xx_StdPeriph_Driver/src/stm32f4xx_exti.c.obj
 .debug_macro   0x000100a3       0xaf CMakeFiles/demo05.dir/Drivers/STM32F4xx_StdPeriph_Driver/src/stm32f4xx_exti.c.obj
 .debug_macro   0x00010152      0x224 CMakeFiles/demo05.dir/Drivers/STM32F4xx_StdPeriph_Driver/src/stm32f4xx_fmc.c.obj
 .debug_macro   0x00010376      0x472 CMakeFiles/demo05.dir/Drivers/STM32F4xx_StdPeriph_Driver/src/stm32f4xx_fmc.c.obj
 .debug_macro   0x000107e8      0x1dc CMakeFiles/demo05.dir/Drivers/STM32F4xx_StdPeriph_Driver/src/stm32f4xx_gpio.c.obj
 .debug_macro   0x000109c4      0x2f5 CMakeFiles/demo05.dir/Drivers/STM32F4xx_StdPeriph_Driver/src/stm32f4xx_gpio.c.obj
 .debug_macro   0x00010cb9      0x2af CMakeFiles/demo05.dir/Drivers/STM32F4xx_StdPeriph_Driver/src/stm32f4xx_rcc.c.obj
 .debug_macro   0x00010f68      0x21c CMakeFiles/demo05.dir/Drivers/STM32F4xx_StdPeriph_Driver/src/stm32f4xx_rtc.c.obj
 .debug_macro   0x00011184      0x598 CMakeFiles/demo05.dir/Drivers/STM32F4xx_StdPeriph_Driver/src/stm32f4xx_rtc.c.obj
 .debug_macro   0x0001171c      0x32a CMakeFiles/demo05.dir/BSP/stm32/bsp.c.obj
 .debug_macro   0x00011a46       0x28 CMakeFiles/demo05.dir/BSP/stm32/bsp.c.obj
 .debug_macro   0x00011a6e       0x7b CMakeFiles/demo05.dir/BSP/stm32/bsp.c.obj
 .debug_macro   0x00011ae9       0x2a CMakeFiles/demo05.dir/BSP/stm32/bsp.c.obj
 .debug_macro   0x00011b13       0x3c CMakeFiles/demo05.dir/BSP/stm32/bsp.c.obj
 .debug_macro   0x00011b4f       0x34 CMakeFiles/demo05.dir/BSP/stm32/bsp.c.obj
 .debug_macro   0x00011b83       0x16 CMakeFiles/demo05.dir/BSP/stm32/bsp.c.obj
 .debug_macro   0x00011b99       0x9e CMakeFiles/demo05.dir/BSP/stm32/bsp.c.obj
 .debug_macro   0x00011c37      0x370 CMakeFiles/demo05.dir/BSP/stm32/bsp.c.obj
 .debug_macro   0x00011fa7      0x112 CMakeFiles/demo05.dir/BSP/stm32/bsp.c.obj
 .debug_macro   0x000120b9       0x10 CMakeFiles/demo05.dir/BSP/stm32/bsp.c.obj
 .debug_macro   0x000120c9       0x16 CMakeFiles/demo05.dir/BSP/stm32/bsp.c.obj
 .debug_macro   0x000120df       0x4a CMakeFiles/demo05.dir/BSP/stm32/bsp.c.obj
 .debug_macro   0x00012129       0x34 CMakeFiles/demo05.dir/BSP/stm32/bsp.c.obj
 .debug_macro   0x0001215d       0x10 CMakeFiles/demo05.dir/BSP/stm32/bsp.c.obj
 .debug_macro   0x0001216d       0x58 CMakeFiles/demo05.dir/BSP/stm32/bsp.c.obj
 .debug_macro   0x000121c5      0x1e5 CMakeFiles/demo05.dir/BSP/stm32/bsp.c.obj
 .debug_macro   0x000123aa       0x16 CMakeFiles/demo05.dir/BSP/stm32/bsp.c.obj
 .debug_macro   0x000123c0       0x16 CMakeFiles/demo05.dir/BSP/stm32/bsp.c.obj
 .debug_macro   0x000123d6      0x170 CMakeFiles/demo05.dir/BSP/stm32/bsp.c.obj
 .debug_macro   0x00012546       0x16 CMakeFiles/demo05.dir/BSP/stm32/bsp.c.obj
 .debug_macro   0x0001255c       0x3c CMakeFiles/demo05.dir/BSP/stm32/bsp.c.obj
 .debug_macro   0x00012598       0x16 CMakeFiles/demo05.dir/BSP/stm32/bsp.c.obj
 .debug_macro   0x000125ae       0x16 CMakeFiles/demo05.dir/BSP/stm32/bsp.c.obj
 .debug_macro   0x000125c4       0x29 CMakeFiles/demo05.dir/BSP/stm32/bsp.c.obj
 .debug_macro   0x000125ed       0x1c CMakeFiles/demo05.dir/BSP/stm32/bsp.c.obj
 .debug_macro   0x00012609      0x132 CMakeFiles/demo05.dir/BSP/stm32/bsp.c.obj
 .debug_macro   0x0001273b      0x1dc CMakeFiles/demo05.dir/BSP/stm32/stm32f4xx_it.c.obj
 .debug_macro   0x00012917      0x1f6 CMakeFiles/demo05.dir/BSP/stm32/system_stm32f4xx.c.obj
 .debug_macro   0x00012b0d      0x330 CMakeFiles/demo05.dir/BSP/stm32/src/bsp_ext_io.c.obj
 .debug_macro   0x00012e3d      0x32a CMakeFiles/demo05.dir/BSP/stm32/src/bsp_led.c.obj
 .debug_macro   0x00013167      0x34e CMakeFiles/demo05.dir/BSP/stm32/src/bsp_dwt.c.obj
 .debug_macro   0x000134b5      0x334 CMakeFiles/demo05.dir/Src/main.c.obj

.debug_line     0x00000000     0x7fab
 .debug_line    0x00000000      0x6b9 CMakeFiles/demo05.dir/Drivers/STM32F4xx_StdPeriph_Driver/src/misc.c.obj
 .debug_line    0x000006b9      0x757 CMakeFiles/demo05.dir/Drivers/STM32F4xx_StdPeriph_Driver/src/stm32f4xx_exti.c.obj
 .debug_line    0x00000e10     0x1128 CMakeFiles/demo05.dir/Drivers/STM32F4xx_StdPeriph_Driver/src/stm32f4xx_fmc.c.obj
 .debug_line    0x00001f38      0x8ca CMakeFiles/demo05.dir/Drivers/STM32F4xx_StdPeriph_Driver/src/stm32f4xx_gpio.c.obj
 .debug_line    0x00002802      0xee2 CMakeFiles/demo05.dir/Drivers/STM32F4xx_StdPeriph_Driver/src/stm32f4xx_rcc.c.obj
 .debug_line    0x000036e4     0x1586 CMakeFiles/demo05.dir/Drivers/STM32F4xx_StdPeriph_Driver/src/stm32f4xx_rtc.c.obj
 .debug_line    0x00004c6a      0x6f2 CMakeFiles/demo05.dir/BSP/stm32/bsp.c.obj
 .debug_line    0x0000535c      0x63a CMakeFiles/demo05.dir/BSP/stm32/stm32f4xx_it.c.obj
 .debug_line    0x00005996      0x735 CMakeFiles/demo05.dir/BSP/stm32/system_stm32f4xx.c.obj
 .debug_line    0x000060cb      0x808 CMakeFiles/demo05.dir/BSP/stm32/src/bsp_ext_io.c.obj
 .debug_line    0x000068d3      0x7ee CMakeFiles/demo05.dir/BSP/stm32/src/bsp_led.c.obj
 .debug_line    0x000070c1      0x748 CMakeFiles/demo05.dir/BSP/stm32/src/bsp_dwt.c.obj
 .debug_line    0x00007809      0x728 CMakeFiles/demo05.dir/Src/main.c.obj
 .debug_line    0x00007f31       0x7a CMakeFiles/demo05.dir/startup_stm32f429xx.s.obj

.debug_str      0x00000000    0x6dcba
 .debug_str     0x00000000    0x6dcba CMakeFiles/demo05.dir/Drivers/STM32F4xx_StdPeriph_Driver/src/misc.c.obj
                              0x67383 (size before relaxing)
 .debug_str     0x0006dcba    0x672f9 CMakeFiles/demo05.dir/Drivers/STM32F4xx_StdPeriph_Driver/src/stm32f4xx_exti.c.obj
 .debug_str     0x0006dcba    0x67c0b CMakeFiles/demo05.dir/Drivers/STM32F4xx_StdPeriph_Driver/src/stm32f4xx_fmc.c.obj
 .debug_str     0x0006dcba    0x67452 CMakeFiles/demo05.dir/Drivers/STM32F4xx_StdPeriph_Driver/src/stm32f4xx_gpio.c.obj
 .debug_str     0x0006dcba    0x67f40 CMakeFiles/demo05.dir/Drivers/STM32F4xx_StdPeriph_Driver/src/stm32f4xx_rcc.c.obj
 .debug_str     0x0006dcba    0x67d2c CMakeFiles/demo05.dir/Drivers/STM32F4xx_StdPeriph_Driver/src/stm32f4xx_rtc.c.obj
 .debug_str     0x0006dcba    0x6adc3 CMakeFiles/demo05.dir/BSP/stm32/bsp.c.obj
 .debug_str     0x0006dcba    0x671f4 CMakeFiles/demo05.dir/BSP/stm32/stm32f4xx_it.c.obj
 .debug_str     0x0006dcba    0x67381 CMakeFiles/demo05.dir/BSP/stm32/system_stm32f4xx.c.obj
 .debug_str     0x0006dcba    0x6b1f6 CMakeFiles/demo05.dir/BSP/stm32/src/bsp_ext_io.c.obj
 .debug_str     0x0006dcba    0x6adc2 CMakeFiles/demo05.dir/BSP/stm32/src/bsp_led.c.obj
 .debug_str     0x0006dcba    0x6ae87 CMakeFiles/demo05.dir/BSP/stm32/src/bsp_dwt.c.obj
 .debug_str     0x0006dcba    0x6ad7e CMakeFiles/demo05.dir/Src/main.c.obj
 .debug_str     0x0006dcba       0x9c CMakeFiles/demo05.dir/startup_stm32f429xx.s.obj

.comment        0x00000000       0x45
 .comment       0x00000000       0x45 CMakeFiles/demo05.dir/Drivers/STM32F4xx_StdPeriph_Driver/src/misc.c.obj
                                 0x46 (size before relaxing)
 .comment       0x00000045       0x46 CMakeFiles/demo05.dir/Drivers/STM32F4xx_StdPeriph_Driver/src/stm32f4xx_exti.c.obj
 .comment       0x00000045       0x46 CMakeFiles/demo05.dir/Drivers/STM32F4xx_StdPeriph_Driver/src/stm32f4xx_fmc.c.obj
 .comment       0x00000045       0x46 CMakeFiles/demo05.dir/Drivers/STM32F4xx_StdPeriph_Driver/src/stm32f4xx_gpio.c.obj
 .comment       0x00000045       0x46 CMakeFiles/demo05.dir/Drivers/STM32F4xx_StdPeriph_Driver/src/stm32f4xx_rcc.c.obj
 .comment       0x00000045       0x46 CMakeFiles/demo05.dir/Drivers/STM32F4xx_StdPeriph_Driver/src/stm32f4xx_rtc.c.obj
 .comment       0x00000045       0x46 CMakeFiles/demo05.dir/BSP/stm32/bsp.c.obj
 .comment       0x00000045       0x46 CMakeFiles/demo05.dir/BSP/stm32/stm32f4xx_it.c.obj
 .comment       0x00000045       0x46 CMakeFiles/demo05.dir/BSP/stm32/system_stm32f4xx.c.obj
 .comment       0x00000045       0x46 CMakeFiles/demo05.dir/BSP/stm32/src/bsp_ext_io.c.obj
 .comment       0x00000045       0x46 CMakeFiles/demo05.dir/BSP/stm32/src/bsp_led.c.obj
 .comment       0x00000045       0x46 CMakeFiles/demo05.dir/BSP/stm32/src/bsp_dwt.c.obj
 .comment       0x00000045       0x46 CMakeFiles/demo05.dir/Src/main.c.obj

.debug_line_str
                0x00000000       0x80
 .debug_line_str
                0x00000000       0x80 CMakeFiles/demo05.dir/startup_stm32f429xx.s.obj
