<html>
<body>
<pre>
<h1>µVision Build Log</h1>
<h2>Tool Versions:</h2>
IDE-Version: ¦ÌVision V5.40.0.0
Copyright (C) 2024 ARM Ltd and ARM Germany GmbH. All rights reserved.
License Information: 45 Shmiky__, dc, LIC=21E4T-R7Q2I-X7XRZ-JNB2Z-82HW9-C5LG7
 
Tool Versions:
Toolchain:       MDK-ARM Plus  Version: 5.40.0.3
Toolchain Path:  D:\ruanjian\MDK\ARM\ARMCC\Bin
C Compiler:      Armcc.exe V5.06 update 7 (build 960)
Assembler:       Armasm.exe V5.06 update 7 (build 960)
Linker/Locator:  ArmLink.exe V5.06 update 7 (build 960)
Library Manager: ArmAr.exe V5.06 update 7 (build 960)
Hex Converter:   FromElf.exe V5.06 update 7 (build 960)
CPU DLL:         SARMCM3.DLL V5.40.0.3
Dialog DLL:      DCM.DLL V1.17.5.0
Target DLL:      STLink\ST-LINKIII-KEIL_SWO.dll V3.3.0.0
Dialog DLL:      TCM.DLL V1.56.4.0
 
<h2>Project:</h2>
C:\Users\Shmiky__\Desktop\ZJTH7_LVGL\MDK-ARM\ZJTH7.uvprojx
Project File Date:  08/16/2024

<h2>Output:</h2>
*** Using Compiler 'V5.06 update 7 (build 960)', folder: 'D:\ruanjian\MDK\ARM\ARMCC\Bin'
Build target 'ZJTH7'
compiling stm32h7xx_hal_hsem.c...
compiling gpio.c...
compiling stm32h7xx_hal_flash.c...
compiling stm32h7xx_hal_msp.c...
compiling stm32h7xx_it.c...
compiling stm32h7xx_hal_rcc.c...
compiling stm32h7xx_hal_flash_ex.c...
compiling stm32h7xx_hal_dma_ex.c...
compiling stm32h7xx_hal_gpio.c...
compiling stm32h7xx_hal_tim.c...
compiling stm32h7xx_hal_cortex.c...
compiling stm32h7xx_hal_tim_ex.c...
compiling stm32h7xx_hal_rcc_ex.c...
compiling main.c...
compiling stm32h7xx_hal_dma.c...
compiling stm32h7xx_hal_pwr.c...
compiling stm32h7xx_hal_mdma.c...
compiling stm32h7xx_hal_i2c_ex.c...
compiling stm32h7xx_hal_pwr_ex.c...
compiling stm32h7xx_hal.c...
compiling stm32h7xx_hal_crc.c...
compiling stm32h7xx_hal_cec.c...
compiling stm32h7xx_hal_exti.c...
compiling stm32h7xx_hal_adc_ex.c...
compiling stm32h7xx_hal_comp.c...
compiling stm32h7xx_hal_adc.c...
compiling stm32h7xx_hal_cryp.c...
compiling stm32h7xx_hal_crc_ex.c...
compiling stm32h7xx_hal_cryp_ex.c...
compiling stm32h7xx_hal_i2c.c...
compiling stm32h7xx_hal_dac_ex.c...
compiling stm32h7xx_hal_dac.c...
compiling stm32h7xx_hal_dfsdm.c...
compiling stm32h7xx_hal_dcmi.c...
compiling stm32h7xx_hal_dsi.c...
compiling stm32h7xx_hal_eth_ex.c...
compiling stm32h7xx_hal_fdcan.c...
compiling stm32h7xx_hal_dma2d.c...
compiling stm32h7xx_hal_hash.c...
compiling stm32h7xx_hal_hash_ex.c...
compiling stm32h7xx_hal_hcd.c...
compiling stm32h7xx_hal_hrtim.c...
compiling stm32h7xx_hal_i2s.c...
compiling stm32h7xx_hal_i2s_ex.c...
compiling stm32h7xx_hal_eth.c...
compiling stm32h7xx_hal_irda.c...
compiling stm32h7xx_hal_iwdg.c...
compiling stm32h7xx_hal_jpeg.c...
compiling stm32h7xx_hal_lptim.c...
compiling stm32h7xx_hal_ltdc_ex.c...
compiling stm32h7xx_hal_mmc.c...
compiling stm32h7xx_hal_mdios.c...
compiling stm32h7xx_hal_ltdc.c...
compiling stm32h7xx_hal_mmc_ex.c...
compiling stm32h7xx_hal_nor.c...
compiling stm32h7xx_hal_opamp.c...
compiling stm32h7xx_hal_nand.c...
compiling stm32h7xx_hal_opamp_ex.c...
compiling stm32h7xx_hal_pcd.c...
compiling stm32h7xx_hal_pcd_ex.c...
compiling stm32h7xx_hal_qspi.c...
compiling stm32h7xx_hal_ramecc.c...
compiling stm32h7xx_hal_rng.c...
compiling stm32h7xx_hal_rtc.c...
compiling stm32h7xx_hal_sai_ex.c...
compiling stm32h7xx_hal_rtc_ex.c...
compiling stm32h7xx_hal_sai.c...
compiling stm32h7xx_hal_sd.c...
compiling stm32h7xx_hal_sd_ex.c...
compiling stm32h7xx_hal_smartcard.c...
compiling stm32h7xx_hal_sdram.c...
compiling stm32h7xx_hal_smbus.c...
compiling stm32h7xx_hal_smartcard_ex.c...
compiling stm32h7xx_hal_spdifrx.c...
compiling stm32h7xx_hal_spi_ex.c...
compiling stm32h7xx_hal_sram.c...
compiling stm32h7xx_ll_bdma.c...
compiling stm32h7xx_ll_adc.c...
compiling stm32h7xx_ll_crc.c...
compiling stm32h7xx_hal_swpmi.c...
compiling stm32h7xx_ll_comp.c...
compiling stm32h7xx_ll_dac.c...
compiling stm32h7xx_hal_spi.c...
compiling stm32h7xx_ll_dma.c...
compiling stm32h7xx_hal_usart_ex.c...
compiling stm32h7xx_ll_dma2d.c...
compiling stm32h7xx_hal_uart_ex.c...
compiling stm32h7xx_ll_exti.c...
compiling stm32h7xx_hal_wwdg.c...
compiling stm32h7xx_ll_hrtim.c...
compiling stm32h7xx_ll_gpio.c...
compiling stm32h7xx_ll_i2c.c...
compiling stm32h7xx_ll_delayblock.c...
compiling stm32h7xx_ll_lptim.c...
compiling stm32h7xx_ll_lpuart.c...
compiling stm32h7xx_hal_uart.c...
compiling stm32h7xx_hal_usart.c...
compiling stm32h7xx_ll_mdma.c...
compiling stm32h7xx_ll_pwr.c...
compiling stm32h7xx_ll_opamp.c...
compiling stm32h7xx_ll_rcc.c...
compiling stm32h7xx_ll_rng.c...
compiling stm32h7xx_ll_rtc.c...
compiling stm32h7xx_ll_spi.c...
compiling stm32h7xx_ll_fmc.c...
compiling stm32h7xx_ll_swpmi.c...
compiling stm32h7xx_ll_tim.c...
compiling stm32h7xx_ll_usart.c...
compiling stm32h7xx_ll_sdmmc.c...
compiling stm32h7xx_ll_usb.c...
compiling system_stm32h7xx.c...
compiling bsp_led.c...
compiling bsp_fmc_sdram.c...
compiling bsp_timer.c...
compiling bsp_uart_fifo.c...
compiling bsp_dwt.c...
compiling bsp_i2c_gpio.c...
compiling bsp.c...
compiling bsp_tft_h7.c...
compiling bsp_ts_ft5x06.c...
compiling bsp_ts_touch.c...
compiling bsp_ts_gt811.c...
compiling bsp_ts_gt911.c...
compiling bsp_tft_lcd.c...
compiling asc12.c...
compiling asc16.c...
compiling asc24.c...
compiling hz12.c...
compiling asc32.c...
compiling hz16.c...
compiling hz24.c...
compiling bsp_ts_stmpe811.c...
compiling bsp_i2c_eeprom_24xx.c...
compiling hz32.c...
compiling ra8875_asc_width.c...
compiling bsp_lan8720a.c...
compiling lv_port_indev_template.c...
compiling lv_disp.c...
compiling lv_event.c...
..\LVGL\src\core\lv_event.c(117): warning:  #188-D: enumerated type mixed with another type
      return e->code & ~LV_EVENT_PREPROCESS;
..\LVGL\src\core\lv_event.c: 1 warning, 0 errors
compiling lv_group.c...
compiling lv_obj_class.c...
compiling lv_indev.c...
compiling lv_indev_scroll.c...
compiling lv_obj_draw.c...
..\LVGL\src\core\lv_obj_draw.c(392): warning:  #188-D: enumerated type mixed with another type
      if(obj->spec_attr) return obj->spec_attr->layer_type;
..\LVGL\src\core\lv_obj_draw.c: 1 warning, 0 errors
compiling lv_obj.c...
compiling lv_obj_style_gen.c...
compiling lv_obj_tree.c...
compiling lv_draw.c...
compiling lv_obj_style.c...
compiling lv_obj_scroll.c...
compiling lv_obj_pos.c...
compiling lv_draw_arc.c...
compiling lv_theme.c...
compiling lv_draw_img.c...
compiling lv_port_disp_template.c...
compiling lv_draw_layer.c...
compiling lv_refr.c...
compiling lv_draw_label.c...
compiling lv_draw_line.c...
compiling lv_draw_rect.c...
compiling lv_draw_transform.c...
compiling lv_draw_triangle.c...
compiling lv_img_cache.c...
compiling lv_img_buf.c...
compiling lv_draw_sw.c...
compiling lv_draw_mask.c...
compiling lv_draw_sw_dither.c...
compiling lv_img_decoder.c...
compiling lv_draw_sw_gradient.c...
compiling lv_draw_sw_arc.c...
compiling lv_draw_sw_img.c...
compiling lv_draw_sw_layer.c...
compiling lv_draw_sw_blend.c...
compiling lv_draw_sw_letter.c...
compiling lv_draw_sw_polygon.c...
compiling lv_draw_sw_line.c...
compiling lv_extra.c...
compiling lv_draw_sw_transform.c...
compiling lv_fragment.c...
compiling lv_fragment_manager.c...
compiling lv_gridnav.c...
compiling lv_draw_sw_rect.c...
..\LVGL\src\draw\sw\lv_draw_sw_rect.c(234): warning:  #546-D: transfer of control bypasses initialization of:
            variable "mask_any_center"  (declared at line 280)
          goto bg_clean_up;
          ^
..\LVGL\src\draw\sw\lv_draw_sw_rect.c: 1 warning, 0 errors
compiling lv_flex.c...
compiling lv_grid.c...
..\LVGL\src\extra\layouts\grid\lv_grid.c(583): warning:  #188-D: enumerated type mixed with another type
      lv_grid_align_t col_align = get_cell_col_align(item);
..\LVGL\src\extra\layouts\grid\lv_grid.c(584): warning:  #188-D: enumerated type mixed with another type
      lv_grid_align_t row_align = get_cell_row_align(item);
..\LVGL\src\extra\layouts\grid\lv_grid.c: 2 warnings, 0 errors
compiling lv_msg.c...
compiling lv_ime_pinyin.c...
compiling lv_snapshot.c...
compiling lv_imgfont.c...
compiling lv_monkey.c...
compiling lv_theme_basic.c...
compiling lv_calendar_header_arrow.c...
compiling lv_calendar_header_dropdown.c...
compiling lv_animimg.c...
compiling lv_theme_mono.c...
compiling lv_calendar.c...
compiling lv_theme_default.c...
..\LVGL\src\extra\themes\default\lv_theme_default.c(211): warning:  #188-D: enumerated type mixed with another type
..\LVGL\src\extra\themes\default\lv_theme_default.c: 1 warning, 0 errors
compiling lv_keyboard.c...
compiling lv_colorwheel.c...
compiling lv_list.c...
compiling lv_imgbtn.c...
compiling lv_menu.c...
compiling lv_led.c...
compiling lv_msgbox.c...
compiling lv_tileview.c...
compiling lv_spinner.c...
compiling lv_meter.c...
compiling lv_chart.c...
compiling lv_spinbox.c...
compiling lv_font.c...
compiling lv_tabview.c...
compiling lv_span.c...
..\LVGL\src\extra\widgets\span\lv_span.c(901): warning:  #546-D: transfer of control bypasses initialization of:
            variable "align"  (declared at line 905)
              goto Next_line_init;
              ^
..\LVGL\src\extra\widgets\span\lv_span.c: 1 warning, 0 errors
compiling lv_font_fmt_txt.c...
..\LVGL\src\font\lv_font_fmt_txt.c(137): warning:  #111-D: statement is unreachable
      return NULL;
..\LVGL\src\font\lv_font_fmt_txt.c: 1 warning, 0 errors
compiling lv_win.c...
compiling lv_font_dejavu_16_persian_hebrew.c...
compiling lv_font_loader.c...
compiling lv_font_montserrat_10.c...
compiling lv_font_montserrat_8.c...
compiling lv_font_montserrat_12_subpx.c...
compiling lv_font_montserrat_12.c...
compiling lv_font_montserrat_14.c...
compiling lv_font_montserrat_16.c...
compiling lv_font_montserrat_18.c...
compiling lv_font_montserrat_20.c...
compiling lv_font_montserrat_22.c...
compiling lv_font_montserrat_24.c...
compiling lv_font_montserrat_26.c...
compiling lv_font_montserrat_30.c...
compiling lv_font_montserrat_28_compressed.c...
compiling lv_font_montserrat_32.c...
compiling lv_font_montserrat_28.c...
compiling lv_font_montserrat_34.c...
compiling lv_font_montserrat_38.c...
compiling lv_font_montserrat_36.c...
compiling lv_font_montserrat_40.c...
compiling lv_font_montserrat_42.c...
compiling lv_font_montserrat_44.c...
compiling lv_font_montserrat_46.c...
compiling lv_draw_sdl.c...
compiling lv_font_montserrat_48.c...
compiling lv_gpu_stm32_dma2d.c...
compiling lv_font_unscii_8.c...
compiling lv_draw_sdl_arc.c...
compiling lv_draw_sdl_bg.c...
compiling lv_font_unscii_16.c...
compiling lv_font_simsun_16_cjk.c...
compiling lv_draw_sdl_composite.c...
compiling lv_draw_sdl_img.c...
compiling lv_draw_sdl_label.c...
compiling lv_draw_sdl_layer.c...
compiling lv_draw_sdl_line.c...
compiling lv_draw_sdl_mask.c...
compiling lv_draw_sdl_rect.c...
compiling lv_draw_sdl_polygon.c...
compiling lv_draw_sdl_stack_blur.c...
compiling lv_draw_sdl_texture_cache.c...
compiling lv_draw_sdl_utils.c...
compiling lv_hal_tick.c...
compiling lv_hal_indev.c...
compiling lv_anim_timeline.c...
compiling lv_anim.c...
compiling lv_hal_disp.c...
..\LVGL\src\hal\lv_hal_disp.c(582): warning:  #188-D: enumerated type mixed with another type
      return disp->driver->rotated;
..\LVGL\src\hal\lv_hal_disp.c: 1 warning, 0 errors
compiling lv_async.c...
compiling lv_area.c...
compiling lv_bidi.c...
compiling lv_color.c...
compiling lv_gc.c...
compiling lv_log.c...
compiling lv_fs.c...
compiling lv_ll.c...
compiling lv_math.c...
compiling lv_lru.c...
..\LVGL\src\misc\lv_lru.c(238): warning:  #68-D: integer conversion resulted in a change of sign
      uint32_t i = 0, min_index = -1;
..\LVGL\src\misc\lv_lru.c(239): warning:  #68-D: integer conversion resulted in a change of sign
      uint64_t min_access_count = -1;
..\LVGL\src\misc\lv_lru.c: 2 warnings, 0 errors
compiling lv_mem.c...
..\LVGL\src\misc\lv_mem.c(324): warning:  #111-D: statement is unreachable
      return NULL;
..\LVGL\src\misc\lv_mem.c: 1 warning, 0 errors
compiling lv_printf.c...
compiling lv_style.c...
..\LVGL\src\misc\lv_style.c(214): warning:  #188-D: enumerated type mixed with another type
      return last_custom_prop_id;
..\LVGL\src\misc\lv_style.c(219): warning:  #188-D: enumerated type mixed with another type
      return last_custom_prop_id - _LV_STYLE_LAST_BUILT_IN_PROP;
..\LVGL\src\misc\lv_style.c(290): warning:  #188-D: enumerated type mixed with another type
      lv_style_set_prop_internal(style, prop | meta, null_style_value, lv_style_set_prop_meta_helper);
..\LVGL\src\misc\lv_style.c: 3 warnings, 0 errors
compiling lv_templ.c...
compiling lv_style_gen.c...
compiling lv_timer.c...
compiling lv_utils.c...
compiling lv_txt_ap.c...
compiling lv_tlsf.c...
..\LVGL\src\misc\lv_tlsf.c(897): warning:  #68-D: integer conversion resulted in a change of sign
          offset_to_block(pool, -(int)block_header_overhead);
..\LVGL\src\misc\lv_tlsf.c(999): warning:  #68-D: integer conversion resulted in a change of sign
      block = offset_to_block(mem, -(tlsfptr_t)block_header_overhead);
..\LVGL\src\misc\lv_tlsf.c(1017): warning:  #68-D: integer conversion resulted in a change of sign
      block_header_t * block = offset_to_block(pool, -(int)block_header_overhead);
..\LVGL\src\misc\lv_tlsf.c: 3 warnings, 0 errors
compiling lv_txt.c...
compiling lv_btn.c...
compiling lv_bar.c...
compiling lv_arc.c...
compiling lv_checkbox.c...
compiling lv_btnmatrix.c...
compiling lv_canvas.c...
compiling lv_objx_templ.c...
compiling lv_dropdown.c...
compiling lv_line.c...
compiling lv_img.c...
compiling lv_slider.c...
compiling lv_roller.c...
compiling lv_label.c...
compiling lv_switch.c...
compiling img_lv_demo_music_btn_corner_large.c...
compiling img_lv_demo_music_btn_list_pause.c...
compiling img_lv_demo_music_btn_list_play.c...
compiling img_lv_demo_music_btn_list_pause_large.c...
compiling img_lv_demo_music_btn_loop.c...
compiling img_lv_demo_music_btn_list_play_large.c...
compiling lv_textarea.c...
compiling lv_table.c...
compiling img_lv_demo_music_btn_loop_large.c...
compiling img_lv_demo_music_btn_next_large.c...
compiling img_lv_demo_music_btn_next.c...
compiling img_lv_demo_music_btn_pause.c...
compiling img_lv_demo_music_btn_pause_large.c...
compiling img_lv_demo_music_btn_play.c...
compiling img_lv_demo_music_btn_play_large.c...
compiling img_lv_demo_music_btn_prev.c...
compiling img_lv_demo_music_btn_prev_large.c...
compiling img_lv_demo_music_btn_rnd.c...
compiling img_lv_demo_music_corner_left.c...
compiling img_lv_demo_music_btn_rnd_large.c...
compiling img_lv_demo_music_corner_left_large.c...
compiling img_lv_demo_music_corner_right.c...
compiling img_lv_demo_music_corner_right_large.c...
compiling img_lv_demo_music_icon_1.c...
compiling img_lv_demo_music_icon_1_large.c...
compiling img_lv_demo_music_cover_1.c...
compiling img_lv_demo_music_icon_2.c...
compiling img_lv_demo_music_cover_2.c...
compiling img_lv_demo_music_icon_2_large.c...
compiling img_lv_demo_music_cover_3.c...
compiling img_lv_demo_music_icon_3.c...
compiling img_lv_demo_music_icon_3_large.c...
compiling img_lv_demo_music_icon_4.c...
compiling img_lv_demo_music_icon_4_large.c...
compiling img_lv_demo_music_list_border.c...
compiling img_lv_demo_music_cover_1_large.c...
compiling img_lv_demo_music_cover_2_large.c...
compiling img_lv_demo_music_cover_3_large.c...
compiling img_lv_demo_music_slider_knob.c...
compiling img_lv_demo_music_list_border_large.c...
compiling img_lv_demo_music_slider_knob_large.c...
compiling img_lv_demo_music_logo.c...
compiling img_lv_demo_music_wave_bottom.c...
compiling img_lv_demo_music_wave_bottom_large.c...
compiling img_lv_demo_music_wave_top.c...
compiling img_clothes.c...
compiling img_lv_demo_music_wave_top_large.c...
compiling lv_demo_music_list.c...
compiling croutine.c...
compiling lv_demo_music.c...
..\LVGL\demos\music\lv_demo_music.c(34): warning:  #550-D: variable "ctrl"  was set but never used
  static lv_obj_t * ctrl;
..\LVGL\demos\music\lv_demo_music.c(35): warning:  #550-D: variable "list"  was set but never used
  static lv_obj_t * list;
..\LVGL\demos\music\lv_demo_music.c: 2 warnings, 0 errors
compiling img_lvgl_logo.c...
compiling list.c...
compiling event_groups.c...
compiling lv_demo_music_main.c...
compiling img_demo_widgets_avatar.c...
compiling queue.c...
compiling lv_demo_stress.c...
..\LVGL\demos\stress\lv_demo_stress.c(80): warning:  #546-D: transfer of control bypasses initialization of:
            variable "scale"  (declared at line 255)
      switch(state) {
      ^
..\LVGL\demos\stress\lv_demo_stress.c: 1 warning, 0 errors
compiling stream_buffer.c...
compiling timers.c...
compiling heap_4.c...
compiling lv_demo_widgets.c...
..\LVGL\demos\widgets\lv_demo_widgets.c(1093): warning:  #188-D: enumerated type mixed with another type
          lv_palette_t palette_secondary = (*palette_primary) + 3; /*Use another palette as secondary*/
..\LVGL\demos\widgets\lv_demo_widgets.c(1094): warning:  #188-D: enumerated type mixed with another type
          if(palette_secondary >= _LV_PALETTE_LAST) palette_secondary = 0;
..\LVGL\demos\widgets\lv_demo_widgets.c: 2 warnings, 0 errors
compiling port.c...
compiling tasks.c...
compiling netdb.c...
compiling api_lib.c...
compiling err.c...
compiling netifapi.c...
compiling if_api.c...
compiling netbuf.c...
compiling api_msg.c...
compiling altcp_tcp.c...
compiling altcp.c...
compiling altcp_alloc.c...
compiling tcpip.c...
compiling def.c...
compiling dns.c...
compiling inet_chksum.c...
compiling sockets.c...
compiling ip.c...
compiling init.c...
compiling mem.c...
compiling raw.c...
compiling stats.c...
compiling memp.c...
compiling pbuf.c...
compiling netif.c...
compiling sys.c...
compiling autoip.c...
compiling timeouts.c...
compiling tcp.c...
compiling tcp_in.c...
compiling udp.c...
compiling tcp_out.c...
compiling icmp.c...
compiling etharp.c...
compiling igmp.c...
compiling ip4_addr.c...
compiling dhcp.c...
compiling ip4.c...
compiling ip4_frag.c...
compiling lowpan6_ble.c...
compiling lowpan6.c...
compiling bridgeif.c...
compiling bridgeif_fdb.c...
compiling ethernet.c...
compiling zepif.c...
compiling lowpan6_common.c...
compiling ethernetif.c...
compiling sys_arch.c...
linking...
Program Size: Code=210542 RO-data=132542 RW-data=1320 ZI-data=428828  
FromELF: creating hex file...
"ZJTH7\ZJTH7.axf" - 0 Error(s), 23 Warning(s).

<h2>Software Packages used:</h2>

Package Vendor: ARM
                https://www.keil.com/pack/ARM.CMSIS.6.1.0.pack
                ARM::CMSIS@6.1.0
                CMSIS (Common Microcontroller Software Interface Standard)
   * Component: CORE Version: 6.1.0

Package Vendor: Keil
                https://www.keil.com/pack/Keil.STM32H7xx_DFP.3.1.1.pack
                Keil::STM32H7xx_DFP@3.1.1
                STMicroelectronics STM32H7 Series Device Support and Examples

<h2>Collection of Component include folders:</h2>
  ./RTE/_ZJTH7
  D:/ruanjian/MDK/ARM/CMSIS/6.1.0/CMSIS/Core/Include
  D:/ruanjian/MDK/Keil/STM32H7xx_DFP/3.1.1/Drivers/CMSIS/Device/ST/STM32H7xx/Include

<h2>Collection of Component Files used:</h2>

   * Component: ARM::CMSIS:CORE@6.1.0
      Include file:  CMSIS/Core/Include/tz_context.h
Build Time Elapsed:  00:00:15
</pre>
</body>
</html>
